MO Digital_Filter NULL Digital_Filter.vf vlg03/_digital___filter.bin 1490911232
MO Sync_Transmitter_Baud NULL Sync_Transmitter_Baud.v vlg14/_sync___transmitter___baud.bin 1490911232
MO test_usart NULL test_usart.vf vlg72/test__usart.bin 1490911232
MO FJKC_MXILINX_Digital_Filter NULL Digital_Filter.vf vlg58/_f_j_k_c___m_x_i_l_i_n_x___digital___filter.bin 1490911232
MO Sync_Reciver NULL Sync_Reciver.v vlg28/_sync___reciver.bin 1490911232
