Release 14.2 - xst P.28xd (nt64)
Copyright (c) 1995-2012 Xilinx, Inc.  All rights reserved.
--> Parameter TMPDIR set to xst/projnav.tmp


Total REAL time to Xst completion: 0.00 secs
Total CPU time to Xst completion: 0.11 secs
 
--> Parameter xsthdpdir set to xst


Total REAL time to Xst completion: 0.00 secs
Total CPU time to Xst completion: 0.11 secs
 
--> Reading design: Main.prj

TABLE OF CONTENTS
  1) Synthesis Options Summary
  2) HDL Parsing
  3) HDL Elaboration
  4) HDL Synthesis
       4.1) HDL Synthesis Report
  5) Advanced HDL Synthesis
       5.1) Advanced HDL Synthesis Report
  6) Low Level Synthesis
  7) Partition Report
  8) Design Summary
       8.1) Primitive and Black Box Usage
       8.2) Device utilization summary
       8.3) Partition Resource Summary
       8.4) Timing Report
            8.4.1) Clock Information
            8.4.2) Asynchronous Control Signals Information
            8.4.3) Timing Summary
            8.4.4) Timing Details
            8.4.5) Cross Clock Domains Report


=========================================================================
*                      Synthesis Options Summary                        *
=========================================================================
---- Source Parameters
Input File Name                    : "Main.prj"
Ignore Synthesis Constraint File   : NO

---- Target Parameters
Output File Name                   : "Main"
Output Format                      : NGC
Target Device                      : xc6slx9-3-csg324

---- Source Options
Top Module Name                    : Main
Automatic FSM Extraction           : YES
FSM Encoding Algorithm             : Auto
Safe Implementation                : No
FSM Style                          : LUT
RAM Extraction                     : Yes
RAM Style                          : Auto
ROM Extraction                     : Yes
Shift Register Extraction          : YES
ROM Style                          : Auto
Resource Sharing                   : YES
Asynchronous To Synchronous        : NO
Shift Register Minimum Size        : 2
Use DSP Block                      : Auto
Automatic Register Balancing       : No

---- Target Options
LUT Combining                      : Auto
Reduce Control Sets                : Auto
Add IO Buffers                     : YES
Global Maximum Fanout              : 100000
Add Generic Clock Buffer(BUFG)     : 16
Register Duplication               : YES
Optimize Instantiated Primitives   : NO
Use Clock Enable                   : Auto
Use Synchronous Set                : Auto
Use Synchronous Reset              : Auto
Pack IO Registers into IOBs        : Auto
Equivalent register Removal        : YES

---- General Options
Optimization Goal                  : Speed
Optimization Effort                : 1
Power Reduction                    : NO
Keep Hierarchy                     : No
Netlist Hierarchy                  : As_Optimized
RTL Output                         : Yes
Global Optimization                : AllClockNets
Read Cores                         : YES
Write Timing Constraints           : NO
Cross Clock Analysis               : NO
Hierarchy Separator                : /
Bus Delimiter                      : <>
Case Specifier                     : Maintain
Slice Utilization Ratio            : 100
BRAM Utilization Ratio             : 100
DSP48 Utilization Ratio            : 100
Auto BRAM Packing                  : NO
Slice Utilization Ratio Delta      : 5

=========================================================================


=========================================================================
*                          HDL Parsing                                  *
=========================================================================
Analyzing Verilog file "C:\Users\Chaitanya Paikara\Documents\GitHub\BLDC_Motor_FPGA\UART_1_1\Delay_sub.vf" into library work
Parsing module <Delay_sub>.
Analyzing Verilog file "C:\Users\Chaitanya Paikara\Documents\GitHub\BLDC_Motor_FPGA\UART_1_1\PID_NEXT.v" into library work
Parsing module <PID_NEXT>.
Analyzing Verilog file "C:\Users\Chaitanya Paikara\Documents\GitHub\BLDC_Motor_FPGA\UART_1_1\Digital_Filter.vf" into library work
Parsing module <FJKC_MXILINX_Digital_Filter>.
Parsing module <Digital_Filter>.
Analyzing Verilog file "C:\Users\Chaitanya Paikara\Documents\GitHub\BLDC_Motor_FPGA\BLDC_Controller\PID.v" into library work
Parsing module <PID_Controller>.
Analyzing Verilog file "C:\Users\Chaitanya Paikara\Documents\GitHub\BLDC_Motor_FPGA\UART_1_1\Sync_Transmitter_Baud.v" into library work
Parsing module <Sync_Transmitter_Baud>.
Analyzing Verilog file "C:\Users\Chaitanya Paikara\Documents\GitHub\BLDC_Motor_FPGA\UART_1_1\Sync_Reciver.v" into library work
Parsing module <Sync_Reciver>.
Analyzing Verilog file "C:\Users\Chaitanya Paikara\Documents\GitHub\BLDC_Motor_FPGA\UART_1_1\sub_part.vf" into library work
Parsing module <sub_part>.
Analyzing Verilog file "C:\Users\Chaitanya Paikara\Documents\GitHub\BLDC_Motor_FPGA\UART_1_1\Main.vf" into library work
Parsing module <sub_part_MUSER_Main>.
Parsing module <Main>.

=========================================================================
*                            HDL Elaboration                            *
=========================================================================

Elaborating module <Main>.

Elaborating module <Sync_Reciver>.

Elaborating module <Digital_Filter>.

Elaborating module <FD(INIT=1'b0)>.

Elaborating module <INV>.

Elaborating module <AND4>.

Elaborating module <FJKC_MXILINX_Digital_Filter(INIT=1'b0)>.

Elaborating module <FDC>.

Elaborating module <AND3B2>.

Elaborating module <AND3B1>.

Elaborating module <OR3>.

Elaborating module <AND2B1>.

Elaborating module <GND>.
WARNING:HDLCompiler:413 - "C:\Users\Chaitanya Paikara\Documents\GitHub\BLDC_Motor_FPGA\UART_1_1\Sync_Reciver.v" Line 76: Result of 5-bit expression is truncated to fit in 4-bit target.

Elaborating module <Sync_Transmitter_Baud>.
WARNING:HDLCompiler:413 - "C:\Users\Chaitanya Paikara\Documents\GitHub\BLDC_Motor_FPGA\UART_1_1\Sync_Transmitter_Baud.v" Line 58: Result of 12-bit expression is truncated to fit in 11-bit target.
WARNING:HDLCompiler:413 - "C:\Users\Chaitanya Paikara\Documents\GitHub\BLDC_Motor_FPGA\UART_1_1\Sync_Transmitter_Baud.v" Line 93: Result of 5-bit expression is truncated to fit in 4-bit target.
WARNING:HDLCompiler:1127 - "C:\Users\Chaitanya Paikara\Documents\GitHub\BLDC_Motor_FPGA\UART_1_1\Sync_Transmitter_Baud.v" Line 72: Assignment to Parity_Bit ignored, since the identifier is never used

Elaborating module <sub_part_MUSER_Main>.

Elaborating module <PID_Controller>.
"C:\Users\Chaitanya Paikara\Documents\GitHub\BLDC_Motor_FPGA\BLDC_Controller\PID.v" Line 46. $display Velocity = 0

Elaborating module <PID_NEXT>.

Elaborating module <Delay_sub>.
"C:\Users\Chaitanya Paikara\Documents\GitHub\BLDC_Motor_FPGA\UART_1_1\PID_NEXT.v" Line 33. $display in_vel[8] = 0
"C:\Users\Chaitanya Paikara\Documents\GitHub\BLDC_Motor_FPGA\UART_1_1\PID_NEXT.v" Line 38. $display VELO = 0
"C:\Users\Chaitanya Paikara\Documents\GitHub\BLDC_Motor_FPGA\UART_1_1\PID_NEXT.v" Line 39. $display temp = 0

=========================================================================
*                           HDL Synthesis                               *
=========================================================================

Synthesizing Unit <Main>.
    Related source file is "C:\Users\Chaitanya Paikara\Documents\GitHub\BLDC_Motor_FPGA\UART_1_1\Main.vf".
INFO:Xst:3210 - "C:\Users\Chaitanya Paikara\Documents\GitHub\BLDC_Motor_FPGA\UART_1_1\Main.vf" line 75: Output port <Data_Ready> of the instance <XLXI_1> is unconnected or connected to loadless signal.
INFO:Xst:3210 - "C:\Users\Chaitanya Paikara\Documents\GitHub\BLDC_Motor_FPGA\UART_1_1\Main.vf" line 75: Output port <Parity_ERR> of the instance <XLXI_1> is unconnected or connected to loadless signal.
    Summary:
	no macro.
Unit <Main> synthesized.

Synthesizing Unit <Sync_Reciver>.
    Related source file is "C:\Users\Chaitanya Paikara\Documents\GitHub\BLDC_Motor_FPGA\UART_1_1\Sync_Reciver.v".
    Found 1-bit register for signal <Baud_CLK_O>.
    Found 1-bit register for signal <status>.
    Found 4-bit register for signal <counter>.
    Found 1-bit register for signal <Parity_Bit>.
    Found 8-bit register for signal <Data_Reg>.
    Found 1-bit register for signal <Data_Ready_R>.
    Found 1-bit register for signal <Serial_IN_O>.
    Found 4-bit adder for signal <counter[3]_GND_2_o_add_10_OUT> created at line 76.
    Found 4-bit comparator greater for signal <counter[3]_PWR_2_o_LessThan_10_o> created at line 65
    Summary:
	inferred   1 Adder/Subtractor(s).
	inferred  17 D-type flip-flop(s).
	inferred   1 Comparator(s).
Unit <Sync_Reciver> synthesized.

Synthesizing Unit <Digital_Filter>.
    Related source file is "C:\Users\Chaitanya Paikara\Documents\GitHub\BLDC_Motor_FPGA\UART_1_1\Digital_Filter.vf".
    Set property "HU_SET = XLXI_11_0" for instance <XLXI_11>.
    Summary:
	no macro.
Unit <Digital_Filter> synthesized.

Synthesizing Unit <FJKC_MXILINX_Digital_Filter>.
    Related source file is "C:\Users\Chaitanya Paikara\Documents\GitHub\BLDC_Motor_FPGA\UART_1_1\Digital_Filter.vf".
        INIT = 1'b0
    Set property "RLOC = X0Y0" for instance <I_36_32>.
    Summary:
	no macro.
Unit <FJKC_MXILINX_Digital_Filter> synthesized.

Synthesizing Unit <Sync_Transmitter_Baud>.
    Related source file is "C:\Users\Chaitanya Paikara\Documents\GitHub\BLDC_Motor_FPGA\UART_1_1\Sync_Transmitter_Baud.v".
WARNING:Xst:647 - Input <Data9<8:8>> is never used. This port will be preserved and left unconnected if it belongs to a top-level block or it belongs to a sub-block and the hierarchy of this sub-block is preserved.
    Found 1-bit register for signal <CLR_Flag>.
    Found 1-bit register for signal <RST_O>.
    Found 1-bit register for signal <CLR_Flag_O>.
    Found 1-bit register for signal <CLK_Baud>.
    Found 11-bit register for signal <Count_Baud>.
    Found 1-bit register for signal <State>.
    Found 4-bit register for signal <counter>.
    Found 8-bit register for signal <Data_Reg>.
    Found 1-bit register for signal <OUT_ser_reg>.
    Found 1-bit register for signal <CLK_Baud_O>.
    Found 11-bit adder for signal <Count_Baud[10]_GND_14_o_add_6_OUT> created at line 58.
    Found 4-bit adder for signal <counter[3]_GND_14_o_add_22_OUT> created at line 93.
    Found 4-bit comparator lessequal for signal <counter[3]_PWR_14_o_LessThan_22_o> created at line 91
    Summary:
	inferred   2 Adder/Subtractor(s).
	inferred  30 D-type flip-flop(s).
	inferred   1 Comparator(s).
	inferred   2 Multiplexer(s).
Unit <Sync_Transmitter_Baud> synthesized.

Synthesizing Unit <sub_part_MUSER_Main>.
    Related source file is "C:\Users\Chaitanya Paikara\Documents\GitHub\BLDC_Motor_FPGA\UART_1_1\Main.vf".
    Summary:
	no macro.
Unit <sub_part_MUSER_Main> synthesized.

Synthesizing Unit <PID_Controller>.
    Related source file is "C:\Users\Chaitanya Paikara\Documents\GitHub\BLDC_Motor_FPGA\BLDC_Controller\PID.v".
    Found 9-bit register for signal <error_diff>.
    Found 9-bit register for signal <vel_output>.
    Found 9-bit register for signal <prev_error>.
    Found 9-bit register for signal <error>.
    Found 9-bit subtractor for signal <GND_16_o_GND_16_o_sub_6_OUT> created at line 43.
    Found 9-bit subtractor for signal <GND_16_o_prev_error[8]_sub_7_OUT> created at line 44.
    Found 9-bit adder for signal <vel_output_w> created at line 34.
    Found 4x9-bit multiplier for signal <n0022> created at line 34.
    Found 4x9-bit multiplier for signal <n0023> created at line 34.
    Summary:
	inferred   2 Multiplier(s).
	inferred   3 Adder/Subtractor(s).
	inferred  36 D-type flip-flop(s).
Unit <PID_Controller> synthesized.

Synthesizing Unit <PID_NEXT>.
    Related source file is "C:\Users\Chaitanya Paikara\Documents\GitHub\BLDC_Motor_FPGA\UART_1_1\PID_NEXT.v".
    Found 9-bit register for signal <out_vel>.
    Found 9-bit subtractor for signal <out_temp[8]_in_vel[8]_sub_2_OUT> created at line 35.
    Found 9-bit adder for signal <out_temp[8]_in_vel[8]_add_2_OUT> created at line 37.
    Summary:
	inferred   1 Adder/Subtractor(s).
	inferred   9 D-type flip-flop(s).
Unit <PID_NEXT> synthesized.

Synthesizing Unit <Delay_sub>.
    Related source file is "C:\Users\Chaitanya Paikara\Documents\GitHub\BLDC_Motor_FPGA\UART_1_1\Delay_sub.vf".
    Summary:
	no macro.
Unit <Delay_sub> synthesized.

=========================================================================
HDL Synthesis Report

Macro Statistics
# Multipliers                                          : 2
 9x4-bit multiplier                                    : 2
# Adders/Subtractors                                   : 7
 11-bit adder                                          : 1
 4-bit adder                                           : 2
 9-bit adder                                           : 1
 9-bit addsub                                          : 1
 9-bit subtractor                                      : 2
# Registers                                            : 22
 1-bit register                                        : 12
 11-bit register                                       : 1
 4-bit register                                        : 2
 8-bit register                                        : 2
 9-bit register                                        : 5
# Comparators                                          : 2
 4-bit comparator greater                              : 1
 4-bit comparator lessequal                            : 1
# Multiplexers                                         : 2
 1-bit 2-to-1 multiplexer                              : 1
 8-bit 2-to-1 multiplexer                              : 1
# Xors                                                 : 2
 1-bit xor8                                            : 1
 1-bit xor9                                            : 1

=========================================================================

=========================================================================
*                       Advanced HDL Synthesis                          *
=========================================================================

WARNING:Xst:2677 - Node <out_vel_8> of sequential type is unconnected in block <XLXI_3>.

Synthesizing (advanced) Unit <PID_Controller>.
	Multiplier <Mmult_n0023> in block <PID_Controller> and adder/subtractor <Madd_vel_output_w> in block <PID_Controller> are combined into a MAC<Maddsub_n0023>.
	The following registers are also absorbed by the MAC: <vel_output> in block <PID_Controller>.
Unit <PID_Controller> synthesized (advanced).

Synthesizing (advanced) Unit <Sync_Reciver>.
The following registers are absorbed into counter <counter>: 1 register on signal <counter>.
Unit <Sync_Reciver> synthesized (advanced).

Synthesizing (advanced) Unit <Sync_Transmitter_Baud>.
The following registers are absorbed into counter <Count_Baud>: 1 register on signal <Count_Baud>.
The following registers are absorbed into counter <counter>: 1 register on signal <counter>.
Unit <Sync_Transmitter_Baud> synthesized (advanced).

=========================================================================
Advanced HDL Synthesis Report

Macro Statistics
# MACs                                                 : 1
 9x4-to-9-bit MAC                                      : 1
# Multipliers                                          : 1
 9x4-bit multiplier                                    : 1
# Adders/Subtractors                                   : 3
 9-bit addsub                                          : 1
 9-bit subtractor                                      : 2
# Counters                                             : 3
 11-bit up counter                                     : 1
 4-bit up counter                                      : 2
# Registers                                            : 78
 Flip-Flops                                            : 78
# Comparators                                          : 2
 4-bit comparator greater                              : 1
 4-bit comparator lessequal                            : 1
# Multiplexers                                         : 1
 8-bit 2-to-1 multiplexer                              : 1
# Xors                                                 : 2
 1-bit xor8                                            : 1
 1-bit xor9                                            : 1

=========================================================================

=========================================================================
*                         Low Level Synthesis                           *
=========================================================================

Optimizing unit <Main> ...

Optimizing unit <Delay_sub> ...

Optimizing unit <Digital_Filter> ...

Optimizing unit <FJKC_MXILINX_Digital_Filter> ...

Optimizing unit <sub_part_MUSER_Main> ...

Optimizing unit <Sync_Reciver> ...

Optimizing unit <Sync_Transmitter_Baud> ...
WARNING:Xst:2677 - Node <XLXI_3/XLXI_3/out_vel_8> of sequential type is unconnected in block <Main>.
WARNING:Xst:2677 - Node <XLXI_1/Data_Ready_R> of sequential type is unconnected in block <Main>.
INFO:Xst:2261 - The FF/Latch <XLXI_1/Baud_CLK_O> in Unit <Main> is equivalent to the following FF/Latch, which will be removed : <XLXI_2/CLK_Baud_O> 

Mapping all equations...
Building and optimizing final netlist ...
Found area constraint ratio of 100 (+ 5) on block Main, actual ratio is 2.

Final Macro Processing ...

Processing Unit <Main> :
	Found 2-bit shift register for signal <XLXI_1/Data_Reg_7>.
Unit <Main> processed.

=========================================================================
Final Register Report

Macro Statistics
# Registers                                            : 83
 Flip-Flops                                            : 83
# Shift Registers                                      : 1
 2-bit shift register                                  : 1

=========================================================================

=========================================================================
*                           Partition Report                            *
=========================================================================

Partition Implementation Status
-------------------------------

  No Partitions were found in this design.

-------------------------------

=========================================================================
*                            Design Summary                             *
=========================================================================

Top Level Output File Name         : Main.ngc

Primitive and Black Box Usage:
------------------------------
# BELS                             : 142
#      AND2B1                      : 1
#      AND3B1                      : 1
#      AND3B2                      : 1
#      AND4                        : 2
#      GND                         : 1
#      INV                         : 12
#      LUT1                        : 10
#      LUT2                        : 9
#      LUT3                        : 14
#      LUT4                        : 15
#      LUT5                        : 7
#      LUT6                        : 14
#      MUXCY                       : 25
#      OR3                         : 1
#      VCC                         : 1
#      XORCY                       : 28
# FlipFlops/Latches                : 84
#      FD                          : 28
#      FDC                         : 1
#      FDE                         : 25
#      FDR                         : 9
#      FDRE                        : 17
#      FDS                         : 4
# Shift Registers                  : 1
#      SRLC16E                     : 1
# Clock Buffers                    : 1
#      BUFGP                       : 1
# IO Buffers                       : 14
#      IBUF                        : 13
#      OBUF                        : 1
# DSPs                             : 2
#      DSP48A1                     : 2

Device utilization summary:
---------------------------

Selected Device : 6slx9csg324-3 


Slice Logic Utilization: 
 Number of Slice Registers:              84  out of  11440     0%  
 Number of Slice LUTs:                   82  out of   5720     1%  
    Number used as Logic:                81  out of   5720     1%  
    Number used as Memory:                1  out of   1440     0%  
       Number used as SRL:                1

Slice Logic Distribution: 
 Number of LUT Flip Flop pairs used:    116
   Number with an unused Flip Flop:      32  out of    116    27%  
   Number with an unused LUT:            34  out of    116    29%  
   Number of fully used LUT-FF pairs:    50  out of    116    43%  
   Number of unique control sets:        10

IO Utilization: 
 Number of IOs:                          15
 Number of bonded IOBs:                  15  out of    200     7%  

Specific Feature Utilization:
 Number of BUFG/BUFGCTRLs:                1  out of     16     6%  
 Number of DSP48A1s:                      2  out of     16    12%  

---------------------------
Partition Resource Summary:
---------------------------

  No Partitions were found in this design.

---------------------------


=========================================================================
Timing Report

NOTE: THESE TIMING NUMBERS ARE ONLY A SYNTHESIS ESTIMATE.
      FOR ACCURATE TIMING INFORMATION PLEASE REFER TO THE TRACE REPORT
      GENERATED AFTER PLACE-and-ROUTE.

Clock Information:
------------------
-----------------------------------+------------------------+-------+
Clock Signal                       | Clock buffer(FF name)  | Load  |
-----------------------------------+------------------------+-------+
CLK                                | BUFGP                  | 87    |
-----------------------------------+------------------------+-------+

Asynchronous Control Signals Information:
----------------------------------------
No asynchronous control signals found in this design

Timing Summary:
---------------
Speed Grade: -3

   Minimum period: 8.148ns (Maximum Frequency: 122.730MHz)
   Minimum input arrival time before clock: 7.675ns
   Maximum output required time after clock: 3.668ns
   Maximum combinational path delay: No path found

Timing Details:
---------------
All values displayed in nanoseconds (ns)

=========================================================================
Timing constraint: Default period analysis for Clock 'CLK'
  Clock period: 8.148ns (frequency: 122.730MHz)
  Total number of paths / destination ports: 1045 / 192
-------------------------------------------------------------------------
Delay:               8.148ns (Levels of Logic = 0)
  Source:            XLXI_3/XLXI_2/Mmult_n0022 (DSP)
  Destination:       XLXI_3/XLXI_2/Maddsub_n0023 (DSP)
  Source Clock:      CLK rising
  Destination Clock: CLK rising

  Data Path: XLXI_3/XLXI_2/Mmult_n0022 to XLXI_3/XLXI_2/Maddsub_n0023
                                Gate     Net
    Cell:in->out      fanout   Delay   Delay  Logical Name (Net Name)
    ----------------------------------------  ------------
     DSP48A1:CLK->PCOUT47    1   6.743   0.000  XLXI_3/XLXI_2/Mmult_n0022 (XLXI_3/XLXI_2/Mmult_n0022_PCOUT_to_XLXI_2/Maddsub_n0023_PCIN_47)
     DSP48A1:PCIN47            1.405          XLXI_3/XLXI_2/Maddsub_n0023
    ----------------------------------------
    Total                      8.148ns (8.148ns logic, 0.000ns route)
                                       (100.0% logic, 0.0% route)

=========================================================================
Timing constraint: Default OFFSET IN BEFORE for Clock 'CLK'
  Total number of paths / destination ports: 272 / 116
-------------------------------------------------------------------------
Offset:              7.675ns (Levels of Logic = 2)
  Source:            Kp<3> (PAD)
  Destination:       XLXI_3/XLXI_2/Maddsub_n0023 (DSP)
  Destination Clock: CLK rising

  Data Path: Kp<3> to XLXI_3/XLXI_2/Maddsub_n0023
                                Gate     Net
    Cell:in->out      fanout   Delay   Delay  Logical Name (Net Name)
    ----------------------------------------  ------------
     IBUF:I->O             1   1.222   0.579  Kp_3_IBUF (Kp_3_IBUF)
     DSP48A1:A3->PCOUT47    1   4.469   0.000  XLXI_3/XLXI_2/Mmult_n0022 (XLXI_3/XLXI_2/Mmult_n0022_PCOUT_to_XLXI_2/Maddsub_n0023_PCIN_47)
     DSP48A1:PCIN47            1.405          XLXI_3/XLXI_2/Maddsub_n0023
    ----------------------------------------
    Total                      7.675ns (7.096ns logic, 0.579ns route)
                                       (92.5% logic, 7.5% route)

=========================================================================
Timing constraint: Default OFFSET OUT AFTER for Clock 'CLK'
  Total number of paths / destination ports: 1 / 1
-------------------------------------------------------------------------
Offset:              3.668ns (Levels of Logic = 1)
  Source:            XLXI_2/OUT_ser_reg (FF)
  Destination:       Tx (PAD)
  Source Clock:      CLK rising

  Data Path: XLXI_2/OUT_ser_reg to Tx
                                Gate     Net
    Cell:in->out      fanout   Delay   Delay  Logical Name (Net Name)
    ----------------------------------------  ------------
     FDS:C->Q              3   0.447   0.650  XLXI_2/OUT_ser_reg (XLXI_2/OUT_ser_reg)
     OBUF:I->O                 2.571          Tx_OBUF (Tx)
    ----------------------------------------
    Total                      3.668ns (3.018ns logic, 0.650ns route)
                                       (82.3% logic, 17.7% route)

=========================================================================

Cross Clock Domains Report:
--------------------------

Clock to Setup on destination clock CLK
---------------+---------+---------+---------+---------+
               | Src:Rise| Src:Fall| Src:Rise| Src:Fall|
Source Clock   |Dest:Rise|Dest:Rise|Dest:Fall|Dest:Fall|
---------------+---------+---------+---------+---------+
CLK            |    8.148|         |         |         |
---------------+---------+---------+---------+---------+

=========================================================================


Total REAL time to Xst completion: 7.00 secs
Total CPU time to Xst completion: 6.52 secs
 
--> 

Total memory usage is 276168 kilobytes

Number of errors   :    0 (   0 filtered)
Number of warnings :    8 (   0 filtered)
Number of infos    :    3 (   0 filtered)

