Release 14.2 - xst P.28xd (nt64)
Copyright (c) 1995-2012 Xilinx, Inc.  All rights reserved.
--> Parameter TMPDIR set to xst/projnav.tmp


Total REAL time to Xst completion: 0.00 secs
Total CPU time to Xst completion: 0.11 secs
 
--> Parameter xsthdpdir set to xst


Total REAL time to Xst completion: 0.00 secs
Total CPU time to Xst completion: 0.11 secs
 
--> Reading design: PID_NEXT.prj

TABLE OF CONTENTS
  1) Synthesis Options Summary
  2) HDL Parsing
  3) HDL Elaboration
  4) HDL Synthesis
       4.1) HDL Synthesis Report
  5) Advanced HDL Synthesis
       5.1) Advanced HDL Synthesis Report
  6) Low Level Synthesis
  7) Partition Report
  8) Design Summary
       8.1) Primitive and Black Box Usage
       8.2) Device utilization summary
       8.3) Partition Resource Summary
       8.4) Timing Report
            8.4.1) Clock Information
            8.4.2) Asynchronous Control Signals Information
            8.4.3) Timing Summary
            8.4.4) Timing Details
            8.4.5) Cross Clock Domains Report


=========================================================================
*                      Synthesis Options Summary                        *
=========================================================================
---- Source Parameters
Input File Name                    : "PID_NEXT.prj"
Ignore Synthesis Constraint File   : NO

---- Target Parameters
Output File Name                   : "PID_NEXT"
Output Format                      : NGC
Target Device                      : xc6slx9-3-csg324

---- Source Options
Top Module Name                    : PID_NEXT
Automatic FSM Extraction           : YES
FSM Encoding Algorithm             : Auto
Safe Implementation                : No
FSM Style                          : LUT
RAM Extraction                     : Yes
RAM Style                          : Auto
ROM Extraction                     : Yes
Shift Register Extraction          : YES
ROM Style                          : Auto
Resource Sharing                   : YES
Asynchronous To Synchronous        : NO
Shift Register Minimum Size        : 2
Use DSP Block                      : Auto
Automatic Register Balancing       : No

---- Target Options
LUT Combining                      : Auto
Reduce Control Sets                : Auto
Add IO Buffers                     : YES
Global Maximum Fanout              : 100000
Add Generic Clock Buffer(BUFG)     : 16
Register Duplication               : YES
Optimize Instantiated Primitives   : NO
Use Clock Enable                   : Auto
Use Synchronous Set                : Auto
Use Synchronous Reset              : Auto
Pack IO Registers into IOBs        : Auto
Equivalent register Removal        : YES

---- General Options
Optimization Goal                  : Speed
Optimization Effort                : 1
Power Reduction                    : NO
Keep Hierarchy                     : No
Netlist Hierarchy                  : As_Optimized
RTL Output                         : Yes
Global Optimization                : AllClockNets
Read Cores                         : YES
Write Timing Constraints           : NO
Cross Clock Analysis               : NO
Hierarchy Separator                : /
Bus Delimiter                      : <>
Case Specifier                     : Maintain
Slice Utilization Ratio            : 100
BRAM Utilization Ratio             : 100
DSP48 Utilization Ratio            : 100
Auto BRAM Packing                  : NO
Slice Utilization Ratio Delta      : 5

=========================================================================


=========================================================================
*                          HDL Parsing                                  *
=========================================================================
Analyzing Verilog file "C:\Users\Chaitanya Paikara\Documents\GitHub\BLDC_Motor_FPGA\UART_1_1\Delay_sub.vf" into library work
Parsing module <Delay_sub>.
Analyzing Verilog file "C:\Users\Chaitanya Paikara\Documents\GitHub\BLDC_Motor_FPGA\UART_1_1\PID_NEXT.v" into library work
Parsing module <PID_NEXT>.

=========================================================================
*                            HDL Elaboration                            *
=========================================================================

Elaborating module <PID_NEXT>.

Elaborating module <Delay_sub>.

Elaborating module <FD(INIT=1'b0)>.
WARNING:HDLCompiler:413 - "C:\Users\Chaitanya Paikara\Documents\GitHub\BLDC_Motor_FPGA\UART_1_1\PID_NEXT.v" Line 38: Result of 9-bit expression is truncated to fit in 8-bit target.

=========================================================================
*                           HDL Synthesis                               *
=========================================================================

Synthesizing Unit <PID_NEXT>.
    Related source file is "C:\Users\Chaitanya Paikara\Documents\GitHub\BLDC_Motor_FPGA\UART_1_1\PID_NEXT.v".
    Found 8-bit register for signal <out_vel>.
    Found 10-bit adder for signal <out_temp[8]_in_vel[8]_add_1_OUT> created at line 35.
    Found 9-bit adder for signal <n0009> created at line 38.
    Found 32-bit comparator greater for signal <out_temp[8]_GND_1_o_LessThan_3_o> created at line 35
    Summary:
	inferred   2 Adder/Subtractor(s).
	inferred   8 D-type flip-flop(s).
	inferred   1 Comparator(s).
Unit <PID_NEXT> synthesized.

Synthesizing Unit <Delay_sub>.
    Related source file is "C:\Users\Chaitanya Paikara\Documents\GitHub\BLDC_Motor_FPGA\UART_1_1\Delay_sub.vf".
    Summary:
	no macro.
Unit <Delay_sub> synthesized.

=========================================================================
HDL Synthesis Report

Macro Statistics
# Adders/Subtractors                                   : 2
 10-bit adder                                          : 1
 9-bit adder                                           : 1
# Registers                                            : 1
 8-bit register                                        : 1
# Comparators                                          : 1
 32-bit comparator greater                             : 1

=========================================================================

=========================================================================
*                       Advanced HDL Synthesis                          *
=========================================================================


=========================================================================
Advanced HDL Synthesis Report

Macro Statistics
# Adders/Subtractors                                   : 2
 10-bit adder                                          : 1
 8-bit adder                                           : 1
# Registers                                            : 17
 Flip-Flops                                            : 17
# Comparators                                          : 1
 32-bit comparator greater                             : 1

=========================================================================

=========================================================================
*                         Low Level Synthesis                           *
=========================================================================

Optimizing unit <Delay_sub> ...

Optimizing unit <PID_NEXT> ...

Mapping all equations...
Building and optimizing final netlist ...
Found area constraint ratio of 100 (+ 5) on block PID_NEXT, actual ratio is 0.

Final Macro Processing ...

=========================================================================
Final Register Report

Macro Statistics
# Registers                                            : 17
 Flip-Flops                                            : 17

=========================================================================

=========================================================================
*                           Partition Report                            *
=========================================================================

Partition Implementation Status
-------------------------------

  No Partitions were found in this design.

-------------------------------

=========================================================================
*                            Design Summary                             *
=========================================================================

Top Level Output File Name         : PID_NEXT.ngc

Primitive and Black Box Usage:
------------------------------
# BELS                             : 53
#      GND                         : 1
#      LUT2                        : 18
#      LUT3                        : 8
#      MUXCY                       : 16
#      XORCY                       : 10
# FlipFlops/Latches                : 17
#      FD                          : 17
# Clock Buffers                    : 1
#      BUFGP                       : 1
# IO Buffers                       : 17
#      IBUF                        : 9
#      OBUF                        : 8

Device utilization summary:
---------------------------

Selected Device : 6slx9csg324-3 


Slice Logic Utilization: 
 Number of Slice Registers:              17  out of  11440     0%  
 Number of Slice LUTs:                   26  out of   5720     0%  
    Number used as Logic:                26  out of   5720     0%  

Slice Logic Distribution: 
 Number of LUT Flip Flop pairs used:     35
   Number with an unused Flip Flop:      18  out of     35    51%  
   Number with an unused LUT:             9  out of     35    25%  
   Number of fully used LUT-FF pairs:     8  out of     35    22%  
   Number of unique control sets:         1

IO Utilization: 
 Number of IOs:                          19
 Number of bonded IOBs:                  18  out of    200     9%  

Specific Feature Utilization:
 Number of BUFG/BUFGCTRLs:                1  out of     16     6%  

---------------------------
Partition Resource Summary:
---------------------------

  No Partitions were found in this design.

---------------------------


=========================================================================
Timing Report

NOTE: THESE TIMING NUMBERS ARE ONLY A SYNTHESIS ESTIMATE.
      FOR ACCURATE TIMING INFORMATION PLEASE REFER TO THE TRACE REPORT
      GENERATED AFTER PLACE-and-ROUTE.

Clock Information:
------------------
-----------------------------------+------------------------+-------+
Clock Signal                       | Clock buffer(FF name)  | Load  |
-----------------------------------+------------------------+-------+
CLK                                | BUFGP                  | 17    |
-----------------------------------+------------------------+-------+

Asynchronous Control Signals Information:
----------------------------------------
No asynchronous control signals found in this design

Timing Summary:
---------------
Speed Grade: -3

   Minimum period: 2.966ns (Maximum Frequency: 337.177MHz)
   Minimum input arrival time before clock: 3.877ns
   Maximum output required time after clock: 3.597ns
   Maximum combinational path delay: No path found

Timing Details:
---------------
All values displayed in nanoseconds (ns)

=========================================================================
Timing constraint: Default period analysis for Clock 'CLK'
  Clock period: 2.966ns (frequency: 337.177MHz)
  Total number of paths / destination ports: 352 / 8
-------------------------------------------------------------------------
Delay:               2.966ns (Levels of Logic = 11)
  Source:            uut/XLXI_10 (FF)
  Destination:       out_vel_1 (FF)
  Source Clock:      CLK rising
  Destination Clock: CLK rising

  Data Path: uut/XLXI_10 to out_vel_1
                                Gate     Net
    Cell:in->out      fanout   Delay   Delay  Logical Name (Net Name)
    ----------------------------------------  ------------
     FD:C->Q               2   0.447   0.617  uut/XLXI_10 (out_temp<0>)
     LUT2:I1->O            1   0.205   0.000  Madd_out_temp[8]_in_vel[8]_add_1_OUT_lut<0> (Madd_out_temp[8]_in_vel[8]_add_1_OUT_lut<0>)
     MUXCY:S->O            1   0.172   0.000  Madd_out_temp[8]_in_vel[8]_add_1_OUT_cy<0> (Madd_out_temp[8]_in_vel[8]_add_1_OUT_cy<0>)
     MUXCY:CI->O           1   0.019   0.000  Madd_out_temp[8]_in_vel[8]_add_1_OUT_cy<1> (Madd_out_temp[8]_in_vel[8]_add_1_OUT_cy<1>)
     MUXCY:CI->O           1   0.019   0.000  Madd_out_temp[8]_in_vel[8]_add_1_OUT_cy<2> (Madd_out_temp[8]_in_vel[8]_add_1_OUT_cy<2>)
     MUXCY:CI->O           1   0.019   0.000  Madd_out_temp[8]_in_vel[8]_add_1_OUT_cy<3> (Madd_out_temp[8]_in_vel[8]_add_1_OUT_cy<3>)
     MUXCY:CI->O           1   0.019   0.000  Madd_out_temp[8]_in_vel[8]_add_1_OUT_cy<4> (Madd_out_temp[8]_in_vel[8]_add_1_OUT_cy<4>)
     MUXCY:CI->O           1   0.019   0.000  Madd_out_temp[8]_in_vel[8]_add_1_OUT_cy<5> (Madd_out_temp[8]_in_vel[8]_add_1_OUT_cy<5>)
     MUXCY:CI->O           1   0.019   0.000  Madd_out_temp[8]_in_vel[8]_add_1_OUT_cy<6> (Madd_out_temp[8]_in_vel[8]_add_1_OUT_cy<6>)
     MUXCY:CI->O           1   0.019   0.000  Madd_out_temp[8]_in_vel[8]_add_1_OUT_cy<7> (Madd_out_temp[8]_in_vel[8]_add_1_OUT_cy<7>)
     XORCY:CI->O           8   0.180   0.907  Madd_out_temp[8]_in_vel[8]_add_1_OUT_xor<8> (out_temp[8]_in_vel[8]_add_1_OUT<8>)
     LUT3:I1->O            1   0.203   0.000  out_vel_1_glue_set (out_vel_1_glue_set)
     FD:D                      0.102          out_vel_1
    ----------------------------------------
    Total                      2.966ns (1.442ns logic, 1.524ns route)
                                       (48.6% logic, 51.4% route)

=========================================================================
Timing constraint: Default OFFSET IN BEFORE for Clock 'CLK'
  Total number of paths / destination ports: 197 / 17
-------------------------------------------------------------------------
Offset:              3.877ns (Levels of Logic = 12)
  Source:            in_vel<0> (PAD)
  Destination:       out_vel_1 (FF)
  Destination Clock: CLK rising

  Data Path: in_vel<0> to out_vel_1
                                Gate     Net
    Cell:in->out      fanout   Delay   Delay  Logical Name (Net Name)
    ----------------------------------------  ------------
     IBUF:I->O             3   1.222   0.755  in_vel_0_IBUF (in_vel_0_IBUF)
     LUT2:I0->O            1   0.203   0.000  Madd_out_temp[8]_in_vel[8]_add_1_OUT_lut<0> (Madd_out_temp[8]_in_vel[8]_add_1_OUT_lut<0>)
     MUXCY:S->O            1   0.172   0.000  Madd_out_temp[8]_in_vel[8]_add_1_OUT_cy<0> (Madd_out_temp[8]_in_vel[8]_add_1_OUT_cy<0>)
     MUXCY:CI->O           1   0.019   0.000  Madd_out_temp[8]_in_vel[8]_add_1_OUT_cy<1> (Madd_out_temp[8]_in_vel[8]_add_1_OUT_cy<1>)
     MUXCY:CI->O           1   0.019   0.000  Madd_out_temp[8]_in_vel[8]_add_1_OUT_cy<2> (Madd_out_temp[8]_in_vel[8]_add_1_OUT_cy<2>)
     MUXCY:CI->O           1   0.019   0.000  Madd_out_temp[8]_in_vel[8]_add_1_OUT_cy<3> (Madd_out_temp[8]_in_vel[8]_add_1_OUT_cy<3>)
     MUXCY:CI->O           1   0.019   0.000  Madd_out_temp[8]_in_vel[8]_add_1_OUT_cy<4> (Madd_out_temp[8]_in_vel[8]_add_1_OUT_cy<4>)
     MUXCY:CI->O           1   0.019   0.000  Madd_out_temp[8]_in_vel[8]_add_1_OUT_cy<5> (Madd_out_temp[8]_in_vel[8]_add_1_OUT_cy<5>)
     MUXCY:CI->O           1   0.019   0.000  Madd_out_temp[8]_in_vel[8]_add_1_OUT_cy<6> (Madd_out_temp[8]_in_vel[8]_add_1_OUT_cy<6>)
     MUXCY:CI->O           1   0.019   0.000  Madd_out_temp[8]_in_vel[8]_add_1_OUT_cy<7> (Madd_out_temp[8]_in_vel[8]_add_1_OUT_cy<7>)
     XORCY:CI->O           8   0.180   0.907  Madd_out_temp[8]_in_vel[8]_add_1_OUT_xor<8> (out_temp[8]_in_vel[8]_add_1_OUT<8>)
     LUT3:I1->O            1   0.203   0.000  out_vel_1_glue_set (out_vel_1_glue_set)
     FD:D                      0.102          out_vel_1
    ----------------------------------------
    Total                      3.877ns (2.215ns logic, 1.662ns route)
                                       (57.1% logic, 42.9% route)

=========================================================================
Timing constraint: Default OFFSET OUT AFTER for Clock 'CLK'
  Total number of paths / destination ports: 8 / 8
-------------------------------------------------------------------------
Offset:              3.597ns (Levels of Logic = 1)
  Source:            out_vel_7 (FF)
  Destination:       out_vel<7> (PAD)
  Source Clock:      CLK rising

  Data Path: out_vel_7 to out_vel<7>
                                Gate     Net
    Cell:in->out      fanout   Delay   Delay  Logical Name (Net Name)
    ----------------------------------------  ------------
     FD:C->Q               1   0.447   0.579  out_vel_7 (out_vel_7)
     OBUF:I->O                 2.571          out_vel_7_OBUF (out_vel<7>)
    ----------------------------------------
    Total                      3.597ns (3.018ns logic, 0.579ns route)
                                       (83.9% logic, 16.1% route)

=========================================================================

Cross Clock Domains Report:
--------------------------

Clock to Setup on destination clock CLK
---------------+---------+---------+---------+---------+
               | Src:Rise| Src:Fall| Src:Rise| Src:Fall|
Source Clock   |Dest:Rise|Dest:Rise|Dest:Fall|Dest:Fall|
---------------+---------+---------+---------+---------+
CLK            |    2.966|         |         |         |
---------------+---------+---------+---------+---------+

=========================================================================


Total REAL time to Xst completion: 6.00 secs
Total CPU time to Xst completion: 5.28 secs
 
--> 

Total memory usage is 275084 kilobytes

Number of errors   :    0 (   0 filtered)
Number of warnings :    1 (   0 filtered)
Number of infos    :    0 (   0 filtered)

