MO ETC_SYNCRONOUS_MUSER_Main_Module NULL Main_Module.vf vlg2A/_e_t_c___s_y_n_c_r_o_n_o_u_s___m_u_s_e_r___main___module.bin 1496588546
MO FD9CE_MUSER_ETC_SYNCRONOUS NULL ETC_SYNCRONOUS.vf vlg0B/_f_d9_c_e___m_u_s_e_r___e_t_c___s_y_n_c_r_o_n_o_u_s.bin 1496588546
MO Incrementer_Decrementer NULL Incrementer_Decrementer.vf vlg11/_incrementer___decrementer.bin 1496588546
MO ETC_SYNCRONOUS NULL ETC_SYNCRONOUS.vf vlg26/_e_t_c___s_y_n_c_r_o_n_o_u_s.bin 1496588546
MO PIDCONTROLLER NULL ../BLDC_Controller/PID.v vlg0D/_p_i_d_c_o_n_t_r_o_l_l_e_r.bin 1496588546
MO PID_Controller NULL ../BLDC_Controller/PID.v vlg78/_p_i_d___controller.bin 1496586704
MO Digital_Filter NULL Digital_Filter.vf vlg03/_digital___filter.bin 1496588546
MO FD9CE NULL FD9CE.vf vlg3F/_f_d9_c_e.bin 1496588546
MO sub_part_MUSER_Main NULL Main.vf vlg4B/sub__part___m_u_s_e_r___main.bin 1496574931
MO PID_NEXT NULL PID_NEXT.v vlg03/_p_i_d___n_e_x_t.bin 1496574931
MO Flip_flip9 NULL Flip_flip9.vf vlg06/_flip__flip9.bin 1496588546
MO Incrementer_Decrementer_MUSER_ETC_SYNCRONOUS NULL ETC_SYNCRONOUS.vf vlg05/_incrementer___decrementer___m_u_s_e_r___e_t_c___s_y_n_c_r_o_n_o_u_s.bin 1496588546
MO Sync_Transmitter_Baud NULL Sync_Transmitter_Baud.v vlg14/_sync___transmitter___baud.bin 1496574931
MO Couter_9CE NULL Couter_9CE.vf vlg66/_couter__9_c_e.bin 1496588546
MO Incrementer_Decrementer_MUSER_Main_Module NULL Main_Module.vf vlg5D/_incrementer___decrementer___m_u_s_e_r___main___module.bin 1496588546
MO test_usart NULL test_usart.vf vlg72/test__usart.bin 1495570542
MO Sync_Transmitter_Baud_9 NULL Sync_Transmitter_Baud_9.v vlg08/_sync___transmitter___baud__9.bin 1496588546
MO sub_part NULL sub_part.vf vlg64/sub__part.bin 1496574931
MO FJKC_MXILINX_Main_Module NULL Main_Module.vf vlg0B/_f_j_k_c___m_x_i_l_i_n_x___main___module.bin 1496588546
MO FD9CE_MUSER_Main_Module NULL Main_Module.vf vlg5B/_f_d9_c_e___m_u_s_e_r___main___module.bin 1496588546
MO Main_Module NULL Main_Module.vf vlg52/_main___module.bin 1496588546
MO Delay_sub NULL Delay_sub.vf vlg18/_delay__sub.bin 1496574931
MO CLOCK_32 NULL ../BLDC_Controller/CLOCK_32.v vlg78/_c_l_o_c_k__32.bin 1496588546
MO Flip_flip9_MUSER_Couter_9CE NULL Couter_9CE.vf vlg3E/_flip__flip9___m_u_s_e_r___couter__9_c_e.bin 1496588546
MO FJKC_MXILINX_Digital_Filter NULL Digital_Filter.vf vlg58/_f_j_k_c___m_x_i_l_i_n_x___digital___filter.bin 1496588546
MO Digital_Filter_MUSER_Main_Module NULL Main_Module.vf vlg7F/_digital___filter___m_u_s_e_r___main___module.bin 1496588546
MO Incrementer_Decrementer_MUSER_Couter_9CE NULL Couter_9CE.vf vlg35/_incrementer___decrementer___m_u_s_e_r___couter__9_c_e.bin 1496588546
MO Flip_flip9_MUSER_ETC_SYNCRONOUS NULL ETC_SYNCRONOUS.vf vlg7E/_flip__flip9___m_u_s_e_r___e_t_c___s_y_n_c_r_o_n_o_u_s.bin 1496588546
MO Main NULL Main.vf vlg0D/_main.bin 1496574931
MO Sync_Reciver NULL Sync_Reciver.v vlg28/_sync___reciver.bin 1496588546
MO Couter_9CE_MUSER_Main_Module NULL Main_Module.vf vlg6A/_couter__9_c_e___m_u_s_e_r___main___module.bin 1496588546
MO Couter_9CE_MUSER_ETC_SYNCRONOUS NULL ETC_SYNCRONOUS.vf vlg5E/_couter__9_c_e___m_u_s_e_r___e_t_c___s_y_n_c_r_o_n_o_u_s.bin 1496588546
MO Flip_flip9_MUSER_Main_Module NULL Main_Module.vf vlg0A/_flip__flip9___m_u_s_e_r___main___module.bin 1496588546
